== baike/frontend-concepts/CSS 布局（Flexbox 与 Grid）.md -> 3 张卡
   [baike_def] 「CSS 布局（Flexbox 与 Grid）」是什么？用一句话说清楚。
       back: Flexbox 是一维弹性布局系统，控制一行（或一列）内子元素的排列、对齐与空间分配；Grid 是二维网格布局系统，行列
   [baike_trap] 判断正误：把 Flexbox 与 Grid 当互斥的二选一，选型时不问布局维度。
       back: ✗ 这是常见误区。正解：Flexbox 是一维弹性布局系统，控制一行（或一列）内子元素的排列、对齐与空间分配；Grid 
   [baike_trap] 判断正误：写完 justify-content: center 就疑惑垂直方向为何不居中——它管主轴，交叉轴要用 align-items。
       back: ✗ 这是常见误区。正解：Flexbox 是一维弹性布局系统，控制一行（或一列）内子元素的排列、对齐与空间分配；Grid 
== baike/distributed/分布式缓存.md -> 3 张卡
   [baike_def] 「分布式缓存」是什么？用一句话说清楚。
       back: 分布式缓存把缓存数据分片存储到多个节点、通过一致性哈希等手段横向扩展，就近提供热点数据，以降低后端存储压力与访问延迟。
   [baike_trap] 判断正误：更新数据时应"更新"缓存而不是删除缓存。
       back: ✗ 这是常见误区。正解：分布式缓存把缓存数据分片存储到多个节点、通过一致性哈希等手段横向扩展，就近提供热点数据，以降低后
   [baike_trap] 判断正误：加了缓存就再也不会有数据库压力。
       back: ✗ 这是常见误区。正解：分布式缓存把缓存数据分片存储到多个节点、通过一致性哈希等手段横向扩展，就近提供热点数据，以降低后
== baike/frontend-frameworks/N+1 问题与 DataLoader.md -> 3 张卡
   [baike_def] 「N+1 问题与 DataLoader」是什么？用一句话说清楚。
       back: N+1 是"1 次父查询再触发 N 次子查询"的读取放大；DataLoader 是一个请求内的批处理加缓存工具，把对同一
   [baike_trap] 判断正误：把 DataLoader 当成跨请求缓存，结果读到上一个用户的数据或写后仍见旧值。
       back: ✗ 这是常见误区。正解：N+1 是"1 次父查询再触发 N 次子查询"的读取放大；DataLoader 是一个请求内的批
   [baike_trap] 判断正误：批量函数返回顺序不对齐传入的 keys，导致 A 用户拿到 B 用户的帖子。
       back: ✗ 这是常见误区。正解：N+1 是"1 次父查询再触发 N 次子查询"的读取放大；DataLoader 是一个请求内的批
== baike/developer-skills/用户故事与敏捷估算.md -> 3 张卡
   [baike_def] 「用户故事与敏捷估算」是什么？用一句话说清楚。
       back: 用户故事以"作为<角色>，我想<做某事>，以便<获得价值>"描述需求，配合验收标准与 INVEST 原则；敏捷估算则用故
   [baike_trap] 判断正误：用户故事就是给开发写的技术任务，换个句式而已。
       back: ✗ 这是常见误区。正解：用户故事以"作为<角色>，我想<做某事>，以便<获得价值>"描述需求，配合验收标准与 INVES
   [baike_trap] 判断正误：故事点必须换算成固定小时数才能比较团队产能。
       back: ✗ 这是常见误区。正解：用户故事以"作为<角色>，我想<做某事>，以便<获得价值>"描述需求，配合验收标准与 INVES
== baike/data-science/A B测试与实验设计.md -> 3 张卡
   [baike_def] 「A/B测试与实验设计」是什么？用一句话说清楚。
       back: A/B 测试是把用户随机分成对照组与实验组、对两组施加不同版本，再用统计显著性检验比较关键指标，从而以因果方式判断某次改
   [baike_trap] 判断正误：只要 p 值小于 0.05，实验结果就一定可以直接上线。
       back: ✗ 这是常见误区。正解：A/B 测试是把用户随机分成对照组与实验组、对两组施加不同版本，再用统计显著性检验比较关键指标，
   [baike_trap] 判断正误：A/B 测试可以同时看很多指标，挑其中显著的那个来汇报。
       back: ✗ 这是常见误区。正解：A/B 测试是把用户随机分成对照组与实验组、对两组施加不同版本，再用统计显著性检验比较关键指标，
== baike/frontend-concepts/CSS 盒模型与 BFC 与层叠上下文.md -> 3 张卡
   [baike_def] 「CSS 盒模型与 BFC 与层叠上下文」是什么？用一句话说清楚。
       back: 盒模型把每个元素定义为 content、padding、border、margin 四层，box-sizing 决定 w
   [baike_trap] 判断正误：把"z-index 越大越靠上"当普适真理，忽略父级层叠上下文的封顶。
       back: ✗ 这是常见误区。正解：盒模型把每个元素定义为 content、padding、border、margin 四层，box
   [baike_trap] 判断正误：设了 width 就以为总宽等于 width，忘了 content-box 下 padding 与 border 也参与计算。
       back: ✗ 这是常见误区。正解：盒模型把每个元素定义为 content、padding、border、margin 四层，box
== baike/programming-languages/Flutter路由与导航.md -> 3 张卡
   [baike_def] 「Flutter路由与导航」是什么？用一句话说清楚。
       back: Flutter 路由与导航负责在不同页面/Screen 之间切换并管理返回栈；GoRouter 以声明式的 route 
   [baike_trap] 判断正误：`context.go()` 和 `Navigator.push()` 效果完全一样。
       back: ✗ 这是常见误区。正解：Flutter 路由与导航负责在不同页面/Screen 之间切换并管理返回栈；GoRouter 
   [baike_trap] 判断正误：redirect 里想跳哪就跳哪，不用担心循环。
       back: ✗ 这是常见误区。正解：Flutter 路由与导航负责在不同页面/Screen 之间切换并管理返回栈；GoRouter 
== baike/architecture/分布式链路追踪.md -> 3 张卡
   [baike_def] 「分布式链路追踪」是什么？用一句话说清楚。
       back: 链路追踪用 **trace（一次请求的完整调用树）与 span（带父子关系的工作单元）** 记录请求穿过哪些服务、每段耗
   [baike_trap] 判断正误：采样率越高越好，链路数据当然是全留最保险。
       back: ✗ 这是常见误区。正解：链路追踪用 **trace（一次请求的完整调用树）与 span（带父子关系的工作单元）** 记录
   [baike_trap] 判断正误：接了自动插桩库，就等于完成了全链路追踪。
       back: ✗ 这是常见误区。正解：链路追踪用 **trace（一次请求的完整调用树）与 span（带父子关系的工作单元）** 记录
== baike/software-engineering/04-CI CD.md -> 3 张卡
   [baike_def] 「04-CI/CD」是什么？用一句话说清楚。
       back: CI/CD 是一条把变更安全推向生产的自动化主干——**CI** 让每次提交都被构建与测试验证，**CD** 让验证过的
   [baike_trap] 判断正误：装好 Jenkins 就等于拥有了 CI/CD。
       back: ✗ 这是常见误区。正解：CI/CD 是一条把变更安全推向生产的自动化主干——**CI** 让每次提交都被构建与测试验证，
   [baike_trap] 判断正误：流水线阶段越多，交付质量就越有保障。
       back: ✗ 这是常见误区。正解：CI/CD 是一条把变更安全推向生产的自动化主干——**CI** 让每次提交都被构建与测试验证，
== baike/database/并发读异常（脏读·不可重复读·幻读）.md -> 3 张卡
   [baike_def] 「并发读异常（脏读·不可重复读·幻读）」是什么？用一句话说清楚。
       back: 脏读、不可重复读、幻读是并发事务下"读"可能遇到的三类异常——读到未提交数据、两次读同一行值不同、两次范围查询行数不同；
   [baike_trap] 判断正误：不可重复读和幻读是同一回事，都是"两次读结果不一样"。
       back: ✗ 这是常见误区。正解：脏读、不可重复读、幻读是并发事务下"读"可能遇到的三类异常——读到未提交数据、两次读同一行值不同
   [baike_trap] 判断正误：只要用了可重复读隔离级别，当前读也绝不会遇到幻影行。
       back: ✗ 这是常见误区。正解：脏读、不可重复读、幻读是并发事务下"读"可能遇到的三类异常——读到未提交数据、两次读同一行值不同
== baike/frontend-frameworks/现代前端工程化完全指南.md -> 3 张卡
   [baike_def] 「现代前端工程化完全指南」是什么？用一句话说清楚。
       back: 现代前端工程化是四条链路的合称——依赖怎么装（包管理与 workspace）、代码怎么合（构建与转换检查）、产物怎么增量
   [baike_trap] 判断正误：以为换上 Vite 或 Rspack 之后生产构建也会同样变快。
       back: ✗ 这是常见误区。正解：现代前端工程化是四条链路的合称——依赖怎么装（包管理与 workspace）、代码怎么合（构建与
   [baike_trap] 判断正误：以为装了 ESLint 团队风格就自动统一，Stylelint 与提交钩子只是锦上添花。
       back: ✗ 这是常见误区。正解：现代前端工程化是四条链路的合称——依赖怎么装（包管理与 workspace）、代码怎么合（构建与
== baike/web-backend/Web框架对比.md -> 3 张卡
   [baike_def] 「Web框架对比」是什么？用一句话说清楚。
       back: Web框架是快速开发网站/应用的工具箱，提供了路由、模板、数据库等开箱即用的功能。
   [baike_trap] 判断正误：选性能最强的框架，接口就一定快。
       back: ✗ 这是常见误区。正解：Web框架是快速开发网站/应用的工具箱，提供了路由、模板、数据库等开箱即用的功能。
   [baike_trap] 判断正误：用了 ORM 就不用再关心它生成的 SQL 和索引。
       back: ✗ 这是常见误区。正解：Web框架是快速开发网站/应用的工具箱，提供了路由、模板、数据库等开箱即用的功能。
== baike/network/TIME_WAIT与连接回收.md -> 3 张卡
   [baike_def] 「TIME_WAIT与连接回收」是什么？用一句话说清楚。
       back: TIME_WAIT 是 TCP 主动关闭方在发出最后一个 ACK 后、持续等待 2MSL（最大报文段生存时间）才真正关闭
   [baike_trap] 判断正误：TIME_WAIT 是连接泄漏的 bug，应当直接关掉。
       back: ✗ 这是常见误区。正解：TIME_WAIT 是 TCP 主动关闭方在发出最后一个 ACK 后、持续等待 2MSL（最大报
   [baike_trap] 判断正误：开 tcp_tw_recycle 是解决 TIME_WAIT 堆积的最佳做法。
       back: ✗ 这是常见误区。正解：TIME_WAIT 是 TCP 主动关闭方在发出最后一个 ACK 后、持续等待 2MSL（最大报
== baike/algorithms/最短路径算法.md -> 3 张卡
   [baike_def] 「最短路径算法」是什么？用一句话说清楚。
       back: 最短路径算法用于在带权图中找到从源点到其他各顶点（或某两点之间）路径权重之和最小的路径，是图论与网络优化的核心问题；常见
   [baike_trap] 判断正误：Dijkstra 算法也能正确处理带负权边的图。
       back: ✗ 这是常见误区。正解：最短路径算法用于在带权图中找到从源点到其他各顶点（或某两点之间）路径权重之和最小的路径，是图论与
   [baike_trap] 判断正误：只要给 A* 配一个启发函数，它就一定能给出最短路径。
       back: ✗ 这是常见误区。正解：最短路径算法用于在带权图中找到从源点到其他各顶点（或某两点之间）路径权重之和最小的路径，是图论与
== baike/frontend-concepts/CSS 选择器与伪类伪元素.md -> 3 张卡
   [baike_def] 「CSS 选择器与伪类伪元素」是什么？用一句话说清楚。
       back: 选择器负责命中元素；多条规则作用于同一元素时，浏览器按（ID 数, 类数, 标签数）三元组比特异性（Specificit
   [baike_trap] 判断正误：样式没生效就先叠 !important，不先比特异性与源码顺序。
       back: ✗ 这是常见误区。正解：选择器负责命中元素；多条规则作用于同一元素时，浏览器按（ID 数, 类数, 标签数）三元组比特异
   [baike_trap] 判断正误：把伪类与伪元素当成单双冒号的新旧写法之争，以为职责相同。
       back: ✗ 这是常见误区。正解：选择器负责命中元素；多条规则作用于同一元素时，浏览器按（ID 数, 类数, 标签数）三元组比特异
== baike/database/数据库设计术语.md -> 3 张卡
   [baike_def] 「数据库设计术语」是什么？用一句话说清楚。
       back: 数据库设计术语是库表设计期概念的索引枢纽，把键体系、ER 建模与数据字典、范式/反范式、分区与冷热分离等术语按族归口到各
   [baike_trap] 判断正误：库表设计就是建表写 SQL，不需要事先建模和定键。
       back: ✗ 这是常见误区。正解：数据库设计术语是库表设计期概念的索引枢纽，把键体系、ER 建模与数据字典、范式/反范式、分区与冷
   [baike_trap] 判断正误：范式化程度越高一定越好，绝不该反范式。
       back: ✗ 这是常见误区。正解：数据库设计术语是库表设计期概念的索引枢纽，把键体系、ER 建模与数据字典、范式/反范式、分区与冷
== baike/frontend-concepts/组件化与微前端.md -> 3 张卡
   [baike_def] 「组件化与微前端」是什么？用一句话说清楚。
       back: 组件化把一个界面拆成封装了结构 / 样式 / 逻辑、可独立复用与测试的 UI 单元；微前端把同一思想放大到应用级，让多个
   [baike_trap] 判断正误：把"拆得越细"当"组件化越好"，产出一堆单次使用、props 深透传的碎片组件。
       back: ✗ 这是常见误区。正解：组件化把一个界面拆成封装了结构 / 样式 / 逻辑、可独立复用与测试的 UI 单元；微前端把同一
   [baike_trap] 判断正误：为了微前端而微前端，单团队单产品也上 qiankun，白白背上构建与运行时隔离成本。
       back: ✗ 这是常见误区。正解：组件化把一个界面拆成封装了结构 / 样式 / 逻辑、可独立复用与测试的 UI 单元；微前端把同一
== baike/machine-learning/随机森林.md -> 3 张卡
   [baike_def] 「随机森林」是什么？用一句话说清楚。
       back: 随机森林（Random Forest）是一种基于 Bagging 的集成学习算法，训练多棵在样本与特征上都引入随机性的决
   [baike_trap] 判断正误：随机森林是 Boosting 方法，靠串行地让每棵树拟合前一轮的残差。
       back: ✗ 这是常见误区。正解：随机森林（Random Forest）是一种基于 Bagging 的集成学习算法，训练多棵在样本
   [baike_trap] 判断正误：随机森林里树越多，精度一定持续提升且没有任何额外成本。
       back: ✗ 这是常见误区。正解：随机森林（Random Forest）是一种基于 Bagging 的集成学习算法，训练多棵在样本
== baike/machine-learning/集成学习.md -> 3 张卡
   [baike_def] 「集成学习」是什么？用一句话说清楚。
       back: 集成学习（Ensemble Learning）是通过训练并结合多个基学习器来完成同一任务的机器学习方法，核心思想是"三个
   [baike_trap] 判断正误：集成学习里基学习器数量一定越多越好，精度会持续上升且没有额外成本。
       back: ✗ 这是常见误区。正解：集成学习（Ensemble Learning）是通过训练并结合多个基学习器来完成同一任务的机器学
   [baike_trap] 判断正误：Bagging 主要降低偏差、Boosting 主要降低方差。
       back: ✗ 这是常见误区。正解：集成学习（Ensemble Learning）是通过训练并结合多个基学习器来完成同一任务的机器学
== baike/machine-learning/值迭代与策略迭代.md -> 3 张卡
   [baike_def] 「值迭代与策略迭代」是什么？用一句话说清楚。
       back: 值迭代与策略迭代是在"已知 MDP 模型"前提下、用贝尔曼方程自底向上求解最优策略的两类动态规划算法，属于强化学习里的"
   [baike_trap] 判断正误：值迭代和策略迭代都必须先与真实环境大量交互采样，才能得到最优策略。
       back: ✗ 这是常见误区。正解：值迭代与策略迭代是在"已知 MDP 模型"前提下、用贝尔曼方程自底向上求解最优策略的两类动态规划
   [baike_trap] 判断正误：折扣因子 γ 在动态规划里毫无作用，取 0 还是取 1 结果完全一样。
       back: ✗ 这是常见误区。正解：值迭代与策略迭代是在"已知 MDP 模型"前提下、用贝尔曼方程自底向上求解最优策略的两类动态规划
